// Jest Snapshot v1, https://goo.gl/fbAQLP

exports[`Form component <TextareaInput /> rendering should render no text area field when not visible 1`] = `
<div
  className=""
/>
`;

exports[`Form component <TextareaInput /> rendering should render text area field correctly 1`] = `
<div
  className="row"
>
  <div
    className="col-12 mode_input"
  >
    <Header
      getError={[MockFunction]}
      hasError={[MockFunction]}
      meta={
        Object {
          "isVisible": true,
          "name": "input-field-name",
          "placeholder": "type here",
        }
      }
      touched={false}
    >
      <div
        className="invoer"
      >
        <textarea
          onChange={[Function]}
          placeholder="type here"
        />
      </div>
    </Header>
  </div>
</div>
`;
