// Jest Snapshot v1, https://goo.gl/fbAQLP

exports[`<MapDetail /> should render correctly 1`] = `
<div
  className="map-detail"
>
  <Map
    hideAttribution={false}
    hideZoomControls={false}
    latlng={
      Object {
        "latitude": 0,
        "longitude": 0,
      }
    }
    useSmallMarker={false}
    zoom="16"
  />
</div>
`;

exports[`<MapDetail /> should render correctly without location 1`] = `
<div
  className="map-detail"
/>
`;
