// Jest Snapshot v1, https://goo.gl/fbAQLP

exports[`signals/settings/categories/containers/Overview should push to the history stack and scroll to top on pagination item click 1`] = `
<section
  class="PageHeader__StyledSection-sc-1via2ti-0 ceKXIT"
>
  <div
    class="sc-cJSrbW eSjbJi"
  >
    <div>
      <h1
        class="sc-EHOje djuTVt sc-bZQynM hJEdCc PageHeader__StyledHeading-sc-1via2ti-1 iIsPsb"
      >
        CategorieÃ«n (137)
      </h1>
    </div>
  </div>
</section>
`;
