// Jest Snapshot v1, https://goo.gl/fbAQLP

exports[`<IncidentPriorityContainer /> should render correctly 1`] = `
<div
  className="col-6"
>
  <div
    className="incident-edit-container"
  >
    <Component
      id="1"
      onRequestPriorityUpdate={[MockFunction]}
    />
  </div>
</div>
`;
