// Jest Snapshot v1, https://goo.gl/fbAQLP

exports[`the compound preview component should wrap two different components in a div 1`] = `
<div>
  <Component
    abc="xyz"
    key="0"
  />
  <Component
    abc="xyz"
    key="1"
  />
</div>
`;
