// Jest Snapshot v1, https://goo.gl/fbAQLP

exports[`<Values /> should render the json  1`] = `
<div
  style={
    Object {
      "backgroundColor": "#000",
      "border": "1px solid #ccc",
      "borderRadius": "4px",
      "marginLeft": "7%",
      "marginTop": "20px",
      "padding": "10px 20px",
      "textAlign": "left",
      "width": "80%",
    }
  }
>
  <h3
    style={
      Object {
        "color": "#389926",
      }
    }
  >
    Values
  </h3>
  <pre
    style={
      Object {
        "color": "#DDE1DC",
        "fontSize": "18px",
        "lineHeight": "30px",
      }
    }
  >
    {"value":{"id":1,"name":"name"}}
  </pre>
</div>
`;
