// Jest Snapshot v1, https://goo.gl/fbAQLP

exports[`Form component <DateTimeInput /> rendering should render date time field correctly 1`] = `
<Header
  className=""
  hasError={[Function]}
  meta={
    Object {
      "isVisible": true,
      "name": "input-field-name",
    }
  }
>
  <div
    className="datetime-input__earlier"
  >
    <div
      className="datetime-input__earlier-date"
    >
      <SelectInput
        data-testid="selectDay"
        label={
          <strong>
            Dag
          </strong>
        }
        name="day"
        onChange={[Function]}
        options={
          Array [
            Object {
              "key": "Vandaag",
              "name": "Vandaag",
              "value": "Vandaag",
            },
            Object {
              "key": "Maandag 13 februari",
              "name": "Maandag 13 februari",
              "value": "2017-02-13",
            },
            Object {
              "key": "Zondag 12 februari",
              "name": "Zondag 12 februari",
              "value": "2017-02-12",
            },
            Object {
              "key": "Zaterdag 11 februari",
              "name": "Zaterdag 11 februari",
              "value": "2017-02-11",
            },
            Object {
              "key": "Vrijdag 10 februari",
              "name": "Vrijdag 10 februari",
              "value": "2017-02-10",
            },
            Object {
              "key": "Donderdag 9 februari",
              "name": "Donderdag 9 februari",
              "value": "2017-02-09",
            },
            Object {
              "key": "Woensdag 8 februari",
              "name": "Woensdag 8 februari",
              "value": "2017-02-08",
            },
          ]
        }
        value="undefined"
      />
    </div>
    <div
      className="datetime-input__earlier-time"
    >
      <div>
        <SelectInput
          data-testid="selectHours"
          label={
            <strong>
              Tijd
            </strong>
          }
          name="hours"
          onChange={[Function]}
          options={
            Array [
              Object {
                "key": 0,
                "name": 0,
                "value": 0,
              },
              Object {
                "key": 1,
                "name": 1,
                "value": 1,
              },
              Object {
                "key": 2,
                "name": 2,
                "value": 2,
              },
              Object {
                "key": 3,
                "name": 3,
                "value": 3,
              },
              Object {
                "key": 4,
                "name": 4,
                "value": 4,
              },
              Object {
                "key": 5,
                "name": 5,
                "value": 5,
              },
              Object {
                "key": 6,
                "name": 6,
                "value": 6,
              },
              Object {
                "key": 7,
                "name": 7,
                "value": 7,
              },
              Object {
                "key": 8,
                "name": 8,
                "value": 8,
              },
              Object {
                "key": 9,
                "name": 9,
                "value": 9,
              },
              Object {
                "key": 10,
                "name": 10,
                "value": 10,
              },
              Object {
                "key": 11,
                "name": 11,
                "value": 11,
              },
              Object {
                "key": 12,
                "name": 12,
                "value": 12,
              },
              Object {
                "key": 13,
                "name": 13,
                "value": 13,
              },
              Object {
                "key": 14,
                "name": 14,
                "value": 14,
              },
              Object {
                "key": 15,
                "name": 15,
                "value": 15,
              },
              Object {
                "key": 16,
                "name": 16,
                "value": 16,
              },
              Object {
                "key": 17,
                "name": 17,
                "value": 17,
              },
              Object {
                "key": 18,
                "name": 18,
                "value": 18,
              },
              Object {
                "key": 19,
                "name": 19,
                "value": 19,
              },
              Object {
                "key": 20,
                "name": 20,
                "value": 20,
              },
              Object {
                "key": 21,
                "name": 21,
                "value": 21,
              },
              Object {
                "key": 22,
                "name": 22,
                "value": 22,
              },
              Object {
                "key": 23,
                "name": 23,
                "value": 23,
              },
            ]
          }
          value="9"
        />
      </div>
      <span
        className="datetime-input__earlier-time-label"
      >
        uur
      </span>
      <div>
        <SelectInput
          data-testid="selectMinutes"
          name="minutes"
          onChange={[Function]}
          options={
            Array [
              Object {
                "key": 0,
                "name": 0,
                "value": 0,
              },
              Object {
                "key": 5,
                "name": 5,
                "value": 5,
              },
              Object {
                "key": 10,
                "name": 10,
                "value": 10,
              },
              Object {
                "key": 15,
                "name": 15,
                "value": 15,
              },
              Object {
                "key": 20,
                "name": 20,
                "value": 20,
              },
              Object {
                "key": 25,
                "name": 25,
                "value": 25,
              },
              Object {
                "key": 30,
                "name": 30,
                "value": 30,
              },
              Object {
                "key": 35,
                "name": 35,
                "value": 35,
              },
              Object {
                "key": 40,
                "name": 40,
                "value": 40,
              },
              Object {
                "key": 45,
                "name": 45,
                "value": 45,
              },
              Object {
                "key": 50,
                "name": 50,
                "value": 50,
              },
              Object {
                "key": 55,
                "name": 55,
                "value": 55,
              },
            ]
          }
          value="0"
        />
      </div>
      <span
        className="datetime-input__earlier-time-label"
      >
        min
      </span>
    </div>
  </div>
</Header>
`;

exports[`Form component <DateTimeInput /> rendering should render no date time field when not visible 1`] = `""`;
