// Jest Snapshot v1, https://goo.gl/fbAQLP

exports[`signals/incident/components/form/ContainerSelect/Selector should render the component 1`] = `
<div
  id="app"
>
  <div
    class="sc-bSFVuW bUrRBV"
  >
    <div
      class="sc-dkAroR bEmxwH sc-jvfriV iruEqK leaflet-container leaflet-grab leaflet-touch-drag"
      data-max-zoom="15"
      data-min-zoom="10"
      data-testid="map"
      style="position: relative;"
      tabindex="0"
    >
      <div
        class="leaflet-pane leaflet-map-pane"
        style="left: 0px; top: 0px;"
      >
        <div
          class="leaflet-pane leaflet-tile-pane"
        >
          <div
            class="leaflet-layer "
            style="z-index: 1;"
          >
            <div
              class="leaflet-tile-container leaflet-zoom-animated"
              style="z-index: 18; left: 0px; top: 0px;"
            >
              <img
                alt=""
                class="leaflet-tile"
                role="presentation"
                src="https://geodata.nationaalgeoregister.nl/tiles/service/wmts/brtachtergrondkaart/EPSG:28992/14/7243/7987.png"
                style="width: 256px; height: 256px; left: -88px; top: -99px;"
              />
            </div>
          </div>
        </div>
        <div
          class="leaflet-pane leaflet-shadow-pane leaflet-zoom-hide"
        />
        <div
          class="leaflet-pane leaflet-overlay-pane"
        >
          <canvas
            height="0"
            style="left: 0px; top: 0px; width: 0px; height: 0px;"
            width="0"
          />
        </div>
        <div
          class="leaflet-pane leaflet-marker-pane leaflet-zoom-hide"
        />
        <div
          class="leaflet-pane leaflet-tooltip-pane"
        />
        <div
          class="leaflet-pane leaflet-popup-pane"
        />
      </div>
      <div
        class="leaflet-control-container"
      >
        <div
          class="leaflet-top leaflet-left"
        />
        <div
          class="leaflet-top leaflet-right"
        />
        <div
          class="leaflet-bottom leaflet-left"
        />
        <div
          class="leaflet-bottom leaflet-right"
        >
          <div
            class="leaflet-control-attribution leaflet-control"
          >
            <a
              href="https://leafletjs.com"
              title="A JS library for interactive maps"
            >
              Leaflet
            </a>
             | Kaartgegevens Â© Kadaster
          </div>
        </div>
      </div>
    </div>
    <div
      class="sc-iIEYCM ksLkFi sc-gHftXq ivHqzF"
    >
      <div
        class="sc-gsBrbv eCwzcl"
      />
      <div
        class="sc-gsBrbv indjRm"
      />
      <div
        class="sc-gsBrbv dcwqgV"
      />
      <div
        class="sc-gsBrbv yHXJV"
      >
        <div
          data-testid="mapZoom"
        >
          <div
            class="ZoomBar-sc-njk1zm iVhwXQ"
          >
            <button
              class="sc-eCssSg kVAZJT ControlButton-sc-1th5d5p gCvTVo"
              size="44"
              title="Inzoomen"
              type="button"
            >
              <span
                class="sc-bdfBwQ kkEKGF"
                size="20"
              >
                <svg
                  focusable="false"
                  viewBox="0 0 32 32"
                  xmlns="http://www.w3.org/2000/svg"
                >
                  <path
                    d="M32 14H18V0h-4v14H0v4h14v14h4V18h14z"
                    fill-rule="evenodd"
                  />
                </svg>
              </span>
            </button>
            <button
              class="sc-eCssSg kVAZJT ControlButton-sc-1th5d5p gCvTVo"
              size="44"
              title="Uitzoomen"
              type="button"
            >
              <span
                class="sc-bdfBwQ kkEKGF"
                size="20"
              >
                <svg
                  focusable="false"
                  viewBox="0 0 32 32"
                  xmlns="http://www.w3.org/2000/svg"
                >
                  <path
                    d="M0 13.714h32v4H0z"
                    fill-rule="evenodd"
                  />
                </svg>
              </span>
            </button>
          </div>
        </div>
      </div>
    </div>
    <div
      class="sc-iIEYCM ksLkFi"
    >
      <div
        class="sc-gsBrbv eCwzcl"
      >
        <div
          class="sc-hkwnrn cyvGYv"
        >
          <div>
            <button
              class="sc-eCssSg giFFTI sc-dRPiIx eaQOAo"
            >
              Container toevoegen
            </button>
            <button
              class="sc-eCssSg giFFTI sc-dRPiIx eaQOAo"
            >
              Container verwijderen
            </button>
            <button
              class="sc-eCssSg giFFTI sc-dRPiIx eaQOAo"
            >
              Meld deze container/Sluiten
            </button>
          </div>
          <p
            as="h6"
            class="sc-crrsfI sc-fFubgz decScN iGjRxA"
          >
            Geselecteerd: 
            [,PL734]
          </p>
        </div>
      </div>
      <div
        class="sc-gsBrbv indjRm"
      />
      <div
        class="sc-gsBrbv dcwqgV"
      />
      <div
        class="sc-gsBrbv yHXJV"
      />
    </div>
  </div>
</div>
`;
