// Jest Snapshot v1, https://goo.gl/fbAQLP

exports[`<IncidentSplitContainer /> rendering should render correctly 1`] = `
<div
  className="incident-split-container"
>
  <div
    className="row"
  >
    <div
      className="col-8"
    >
      <SplitForm
        attachments={Array []}
        handleCancel={[Function]}
        handleSubmit={[Function]}
        incident={Object {}}
        isVisible={false}
        priorityList={
          Array [
            Object {
              "key": "normal",
              "value": "Normaal",
            },
            Object {
              "key": "high",
              "value": "Hoog",
            },
          ]
        }
        subcategories={Array []}
      />
    </div>
    <div
      className="col-4"
    >
      <SplitDetail
        incident={Object {}}
        stadsdeelList={
          Array [
            Object {
              "key": "A",
              "value": "Centrum",
            },
            Object {
              "key": "B",
              "value": "Westpoort",
            },
            Object {
              "key": "E",
              "value": "West",
            },
            Object {
              "key": "M",
              "value": "Oost",
            },
            Object {
              "key": "N",
              "value": "Noord",
            },
            Object {
              "key": "T",
              "value": "Zuidoost",
            },
            Object {
              "key": "K",
              "value": "Zuid",
            },
            Object {
              "key": "F",
              "value": "Nieuw-West",
            },
          ]
        }
      />
    </div>
  </div>
</div>
`;

exports[`<IncidentSplitContainer /> rendering should render loading indicator correctly 1`] = `
<div
  className="incident-split-container"
>
  <LoadingIndicator />
</div>
`;
