// Jest Snapshot v1, https://goo.gl/fbAQLP

exports[`Definition component <Ul /> rendering should put all texts and components into a list 1`] = `
<ul>
  <li
    key="text 1"
  >
    text 1
  </li>
  <li
    key="text 2"
  >
    <MockListComponent
      items={
        Array [
          "text 2",
        ]
      }
    />
  </li>
  <li
    key="text 3"
  >
    <MockChildComponent>
      text 3
    </MockChildComponent>
  </li>
  <li
    key="[object Object]"
  >
    <MockComponent />
  </li>
</ul>
`;
