// Jest Snapshot v1, https://goo.gl/fbAQLP

exports[`<MapSelect /> should render correctly 1`] = `
<div
  className="map-component write"
>
  <div
    className="map"
  >
    <div
      className="map-container"
      id="mapSelect"
    />
  </div>
</div>
`;
