// Jest Snapshot v1, https://goo.gl/fbAQLP

exports[`Leaflet legend control is rendered 1`] = `
<div
  class="legend-control leaflet-control"
>
  <div
    class="legend-header"
  />
  <div
    class="legend-content"
  />
</div>
`;
