// Jest Snapshot v1, https://goo.gl/fbAQLP

exports[`Definition component <Concat /> rendering should concat all texts and components of the array into spans 1`] = `
<span>
  <span
    key="text 1"
  >
    text 1
  </span>
  <span
    key="text 2"
  >
    <MockListComponent
      items={
        Array [
          "text 2",
        ]
      }
    />
  </span>
  <span
    key="text 3"
  >
    <MockChildComponent>
      text 3
    </MockChildComponent>
  </span>
  <span
    key="[object Object]"
  >
    <MockComponent />
  </span>
</span>
`;
