// Jest Snapshot v1, https://goo.gl/fbAQLP

exports[`<NotFound /> should render the Page Not Found text 1`] = `
<div
  className="container"
>
  <article>
    <h1>
      <FormattedMessage
        defaultMessage="Page not found."
        id="boilerplate.containers.NotFoundPage.header"
        values={Object {}}
      />
    </h1>
  </article>
</div>
`;
